[2026-09-15T00:00:04.825+0000] {processor.py:186} INFO - Started process (PID=1624) to work on /opt/airflow/dags/weather_etl.py
[2026-09-15T00:00:04.827+0000] {processor.py:914} INFO - Processing file /opt/airflow/dags/weather_etl.py for tasks to queue
[2026-09-15T00:00:04.836+0000] {logging_mixin.py:190} INFO - [2026-09-15T00:00:04.835+0000] {dagbag.py:588} INFO - Filling up the DagBag from /opt/airflow/dags/weather_etl.py
[2026-09-15T00:00:05.942+0000] {processor.py:925} INFO - DAG(s) 'weather_etl' retrieved from /opt/airflow/dags/weather_etl.py
[2026-09-15T00:00:06.031+0000] {logging_mixin.py:190} INFO - [2026-09-15T00:00:06.030+0000] {dag.py:3239} INFO - Sync 1 DAGs
[2026-09-15T00:00:06.108+0000] {logging_mixin.py:190} INFO - [2026-09-15T00:00:06.107+0000] {dag.py:4180} INFO - Setting next_dagrun for weather_etl to 2026-09-15 00:00:00+00:00, run_after=2026-09-15 01:00:00+00:00
[2026-09-15T00:00:06.157+0000] {processor.py:208} INFO - Processing /opt/airflow/dags/weather_etl.py took 1.353 seconds
[2026-09-15T00:00:36.862+0000] {processor.py:186} INFO - Started process (PID=1649) to work on /opt/airflow/dags/weather_etl.py
[2026-09-15T00:00:36.865+0000] {processor.py:914} INFO - Processing file /opt/airflow/dags/weather_etl.py for tasks to queue
[2026-09-15T00:00:36.873+0000] {logging_mixin.py:190} INFO - [2026-09-15T00:00:36.872+0000] {dagbag.py:588} INFO - Filling up the DagBag from /opt/airflow/dags/weather_etl.py
[2026-09-15T00:00:37.739+0000] {processor.py:925} INFO - DAG(s) 'weather_etl' retrieved from /opt/airflow/dags/weather_etl.py
[2026-09-15T00:00:37.836+0000] {logging_mixin.py:190} INFO - [2026-09-15T00:00:37.836+0000] {dag.py:3239} INFO - Sync 1 DAGs
[2026-09-15T00:00:37.933+0000] {logging_mixin.py:190} INFO - [2026-09-15T00:00:37.932+0000] {dag.py:4180} INFO - Setting next_dagrun for weather_etl to 2026-09-15 00:00:00+00:00, run_after=2026-09-15 01:00:00+00:00
[2026-09-15T00:00:37.993+0000] {processor.py:208} INFO - Processing /opt/airflow/dags/weather_etl.py took 1.149 seconds
[2026-09-15T00:01:08.344+0000] {processor.py:186} INFO - Started process (PID=1655) to work on /opt/airflow/dags/weather_etl.py
[2026-09-15T00:01:08.347+0000] {processor.py:914} INFO - Processing file /opt/airflow/dags/weather_etl.py for tasks to queue
[2026-09-15T00:01:08.354+0000] {logging_mixin.py:190} INFO - [2026-09-15T00:01:08.353+0000] {dagbag.py:588} INFO - Filling up the DagBag from /opt/airflow/dags/weather_etl.py
[2026-09-15T00:01:09.313+0000] {processor.py:925} INFO - DAG(s) 'weather_etl' retrieved from /opt/airflow/dags/weather_etl.py
[2026-09-15T00:01:09.423+0000] {logging_mixin.py:190} INFO - [2026-09-15T00:01:09.422+0000] {dag.py:3239} INFO - Sync 1 DAGs
[2026-09-15T00:01:09.519+0000] {logging_mixin.py:190} INFO - [2026-09-15T00:01:09.518+0000] {dag.py:4180} INFO - Setting next_dagrun for weather_etl to 2026-09-15 00:00:00+00:00, run_after=2026-09-15 01:00:00+00:00
[2026-09-15T00:01:09.581+0000] {processor.py:208} INFO - Processing /opt/airflow/dags/weather_etl.py took 1.255 seconds
[2026-09-15T00:01:39.957+0000] {processor.py:186} INFO - Started process (PID=1661) to work on /opt/airflow/dags/weather_etl.py
[2026-09-15T00:01:39.960+0000] {processor.py:914} INFO - Processing file /opt/airflow/dags/weather_etl.py for tasks to queue
[2026-09-15T00:01:39.966+0000] {logging_mixin.py:190} INFO - [2026-09-15T00:01:39.965+0000] {dagbag.py:588} INFO - Filling up the DagBag from /opt/airflow/dags/weather_etl.py
[2026-09-15T00:01:40.880+0000] {processor.py:925} INFO - DAG(s) 'weather_etl' retrieved from /opt/airflow/dags/weather_etl.py
[2026-09-15T00:01:40.991+0000] {logging_mixin.py:190} INFO - [2026-09-15T00:01:40.990+0000] {dag.py:3239} INFO - Sync 1 DAGs
[2026-09-15T00:01:41.097+0000] {logging_mixin.py:190} INFO - [2026-09-15T00:01:41.097+0000] {dag.py:4180} INFO - Setting next_dagrun for weather_etl to 2026-09-15 00:00:00+00:00, run_after=2026-09-15 01:00:00+00:00
[2026-09-15T00:01:41.161+0000] {processor.py:208} INFO - Processing /opt/airflow/dags/weather_etl.py took 1.224 seconds
[2026-09-15T00:02:11.654+0000] {processor.py:186} INFO - Started process (PID=1667) to work on /opt/airflow/dags/weather_etl.py
[2026-09-15T00:02:11.657+0000] {processor.py:914} INFO - Processing file /opt/airflow/dags/weather_etl.py for tasks to queue
[2026-09-15T00:02:11.665+0000] {logging_mixin.py:190} INFO - [2026-09-15T00:02:11.664+0000] {dagbag.py:588} INFO - Filling up the DagBag from /opt/airflow/dags/weather_etl.py
[2026-09-15T00:02:12.649+0000] {processor.py:925} INFO - DAG(s) 'weather_etl' retrieved from /opt/airflow/dags/weather_etl.py
[2026-09-15T00:02:12.753+0000] {logging_mixin.py:190} INFO - [2026-09-15T00:02:12.752+0000] {dag.py:3239} INFO - Sync 1 DAGs
[2026-09-15T00:02:12.842+0000] {logging_mixin.py:190} INFO - [2026-09-15T00:02:12.841+0000] {dag.py:4180} INFO - Setting next_dagrun for weather_etl to 2026-09-15 00:00:00+00:00, run_after=2026-09-15 01:00:00+00:00
[2026-09-15T00:02:12.905+0000] {processor.py:208} INFO - Processing /opt/airflow/dags/weather_etl.py took 1.269 seconds
[2026-09-15T00:02:43.141+0000] {processor.py:186} INFO - Started process (PID=1673) to work on /opt/airflow/dags/weather_etl.py
[2026-09-15T00:02:43.144+0000] {processor.py:914} INFO - Processing file /opt/airflow/dags/weather_etl.py for tasks to queue
[2026-09-15T00:02:43.152+0000] {logging_mixin.py:190} INFO - [2026-09-15T00:02:43.150+0000] {dagbag.py:588} INFO - Filling up the DagBag from /opt/airflow/dags/weather_etl.py
[2026-09-15T00:02:44.165+0000] {processor.py:925} INFO - DAG(s) 'weather_etl' retrieved from /opt/airflow/dags/weather_etl.py
[2026-09-15T00:02:44.278+0000] {logging_mixin.py:190} INFO - [2026-09-15T00:02:44.277+0000] {dag.py:3239} INFO - Sync 1 DAGs
[2026-09-15T00:02:44.386+0000] {logging_mixin.py:190} INFO - [2026-09-15T00:02:44.385+0000] {dag.py:4180} INFO - Setting next_dagrun for weather_etl to 2026-09-15 00:00:00+00:00, run_after=2026-09-15 01:00:00+00:00
[2026-09-15T00:02:44.459+0000] {processor.py:208} INFO - Processing /opt/airflow/dags/weather_etl.py took 1.339 seconds
[2026-09-15T00:03:14.890+0000] {processor.py:186} INFO - Started process (PID=1679) to work on /opt/airflow/dags/weather_etl.py
[2026-09-15T00:03:14.893+0000] {processor.py:914} INFO - Processing file /opt/airflow/dags/weather_etl.py for tasks to queue
[2026-09-15T00:03:14.902+0000] {logging_mixin.py:190} INFO - [2026-09-15T00:03:14.901+0000] {dagbag.py:588} INFO - Filling up the DagBag from /opt/airflow/dags/weather_etl.py
[2026-09-15T00:03:15.925+0000] {processor.py:925} INFO - DAG(s) 'weather_etl' retrieved from /opt/airflow/dags/weather_etl.py
[2026-09-15T00:03:16.033+0000] {logging_mixin.py:190} INFO - [2026-09-15T00:03:16.032+0000] {dag.py:3239} INFO - Sync 1 DAGs
[2026-09-15T00:03:16.136+0000] {logging_mixin.py:190} INFO - [2026-09-15T00:03:16.135+0000] {dag.py:4180} INFO - Setting next_dagrun for weather_etl to 2026-09-15 00:00:00+00:00, run_after=2026-09-15 01:00:00+00:00
[2026-09-15T00:03:16.202+0000] {processor.py:208} INFO - Processing /opt/airflow/dags/weather_etl.py took 1.334 seconds
[2026-09-15T00:03:46.466+0000] {processor.py:186} INFO - Started process (PID=1685) to work on /opt/airflow/dags/weather_etl.py
[2026-09-15T00:03:46.470+0000] {processor.py:914} INFO - Processing file /opt/airflow/dags/weather_etl.py for tasks to queue
[2026-09-15T00:03:46.479+0000] {logging_mixin.py:190} INFO - [2026-09-15T00:03:46.479+0000] {dagbag.py:588} INFO - Filling up the DagBag from /opt/airflow/dags/weather_etl.py
[2026-09-15T00:03:47.574+0000] {processor.py:925} INFO - DAG(s) 'weather_etl' retrieved from /opt/airflow/dags/weather_etl.py
[2026-09-15T00:03:47.697+0000] {logging_mixin.py:190} INFO - [2026-09-15T00:03:47.696+0000] {dag.py:3239} INFO - Sync 1 DAGs
[2026-09-15T00:03:47.804+0000] {logging_mixin.py:190} INFO - [2026-09-15T00:03:47.803+0000] {dag.py:4180} INFO - Setting next_dagrun for weather_etl to 2026-09-15 00:00:00+00:00, run_after=2026-09-15 01:00:00+00:00
[2026-09-15T00:03:47.880+0000] {processor.py:208} INFO - Processing /opt/airflow/dags/weather_etl.py took 1.441 seconds
[2026-09-15T00:04:18.188+0000] {processor.py:186} INFO - Started process (PID=1691) to work on /opt/airflow/dags/weather_etl.py
[2026-09-15T00:04:18.193+0000] {processor.py:914} INFO - Processing file /opt/airflow/dags/weather_etl.py for tasks to queue
[2026-09-15T00:04:18.200+0000] {logging_mixin.py:190} INFO - [2026-09-15T00:04:18.199+0000] {dagbag.py:588} INFO - Filling up the DagBag from /opt/airflow/dags/weather_etl.py
[2026-09-15T00:04:19.331+0000] {processor.py:925} INFO - DAG(s) 'weather_etl' retrieved from /opt/airflow/dags/weather_etl.py
[2026-09-15T00:04:19.452+0000] {logging_mixin.py:190} INFO - [2026-09-15T00:04:19.452+0000] {dag.py:3239} INFO - Sync 1 DAGs
[2026-09-15T00:04:19.543+0000] {logging_mixin.py:190} INFO - [2026-09-15T00:04:19.543+0000] {dag.py:4180} INFO - Setting next_dagrun for weather_etl to 2026-09-15 00:00:00+00:00, run_after=2026-09-15 01:00:00+00:00
[2026-09-15T00:04:19.617+0000] {processor.py:208} INFO - Processing /opt/airflow/dags/weather_etl.py took 1.449 seconds
[2026-09-15T00:04:49.891+0000] {processor.py:186} INFO - Started process (PID=1697) to work on /opt/airflow/dags/weather_etl.py
[2026-09-15T00:04:49.894+0000] {processor.py:914} INFO - Processing file /opt/airflow/dags/weather_etl.py for tasks to queue
[2026-09-15T00:04:49.903+0000] {logging_mixin.py:190} INFO - [2026-09-15T00:04:49.902+0000] {dagbag.py:588} INFO - Filling up the DagBag from /opt/airflow/dags/weather_etl.py
[2026-09-15T00:04:51.119+0000] {processor.py:925} INFO - DAG(s) 'weather_etl' retrieved from /opt/airflow/dags/weather_etl.py
[2026-09-15T00:04:51.243+0000] {logging_mixin.py:190} INFO - [2026-09-15T00:04:51.243+0000] {dag.py:3239} INFO - Sync 1 DAGs
[2026-09-15T00:04:51.374+0000] {logging_mixin.py:190} INFO - [2026-09-15T00:04:51.373+0000] {dag.py:4180} INFO - Setting next_dagrun for weather_etl to 2026-09-15 00:00:00+00:00, run_after=2026-09-15 01:00:00+00:00
[2026-09-15T00:04:51.444+0000] {processor.py:208} INFO - Processing /opt/airflow/dags/weather_etl.py took 1.572 seconds
[2026-09-15T00:05:21.632+0000] {processor.py:186} INFO - Started process (PID=1703) to work on /opt/airflow/dags/weather_etl.py
[2026-09-15T00:05:21.635+0000] {processor.py:914} INFO - Processing file /opt/airflow/dags/weather_etl.py for tasks to queue
[2026-09-15T00:05:21.643+0000] {logging_mixin.py:190} INFO - [2026-09-15T00:05:21.642+0000] {dagbag.py:588} INFO - Filling up the DagBag from /opt/airflow/dags/weather_etl.py
[2026-09-15T00:05:22.772+0000] {processor.py:925} INFO - DAG(s) 'weather_etl' retrieved from /opt/airflow/dags/weather_etl.py
[2026-09-15T00:05:22.867+0000] {logging_mixin.py:190} INFO - [2026-09-15T00:05:22.866+0000] {dag.py:3239} INFO - Sync 1 DAGs
[2026-09-15T00:05:22.963+0000] {logging_mixin.py:190} INFO - [2026-09-15T00:05:22.962+0000] {dag.py:4180} INFO - Setting next_dagrun for weather_etl to 2026-09-15 00:00:00+00:00, run_after=2026-09-15 01:00:00+00:00
[2026-09-15T00:05:23.033+0000] {processor.py:208} INFO - Processing /opt/airflow/dags/weather_etl.py took 1.422 seconds
[2026-09-15T00:05:53.464+0000] {processor.py:186} INFO - Started process (PID=1709) to work on /opt/airflow/dags/weather_etl.py
[2026-09-15T00:05:53.468+0000] {processor.py:914} INFO - Processing file /opt/airflow/dags/weather_etl.py for tasks to queue
[2026-09-15T00:05:53.474+0000] {logging_mixin.py:190} INFO - [2026-09-15T00:05:53.473+0000] {dagbag.py:588} INFO - Filling up the DagBag from /opt/airflow/dags/weather_etl.py
[2026-09-15T00:05:54.516+0000] {processor.py:925} INFO - DAG(s) 'weather_etl' retrieved from /opt/airflow/dags/weather_etl.py
[2026-09-15T00:05:54.625+0000] {logging_mixin.py:190} INFO - [2026-09-15T00:05:54.624+0000] {dag.py:3239} INFO - Sync 1 DAGs
[2026-09-15T00:05:54.730+0000] {logging_mixin.py:190} INFO - [2026-09-15T00:05:54.729+0000] {dag.py:4180} INFO - Setting next_dagrun for weather_etl to 2026-09-15 00:00:00+00:00, run_after=2026-09-15 01:00:00+00:00
[2026-09-15T00:05:54.802+0000] {processor.py:208} INFO - Processing /opt/airflow/dags/weather_etl.py took 1.357 seconds
[2026-09-15T00:06:25.002+0000] {processor.py:186} INFO - Started process (PID=1715) to work on /opt/airflow/dags/weather_etl.py
[2026-09-15T00:06:25.005+0000] {processor.py:914} INFO - Processing file /opt/airflow/dags/weather_etl.py for tasks to queue
[2026-09-15T00:06:25.013+0000] {logging_mixin.py:190} INFO - [2026-09-15T00:06:25.012+0000] {dagbag.py:588} INFO - Filling up the DagBag from /opt/airflow/dags/weather_etl.py
[2026-09-15T00:06:26.057+0000] {processor.py:925} INFO - DAG(s) 'weather_etl' retrieved from /opt/airflow/dags/weather_etl.py
[2026-09-15T00:06:26.181+0000] {logging_mixin.py:190} INFO - [2026-09-15T00:06:26.180+0000] {dag.py:3239} INFO - Sync 1 DAGs
[2026-09-15T00:06:26.289+0000] {logging_mixin.py:190} INFO - [2026-09-15T00:06:26.288+0000] {dag.py:4180} INFO - Setting next_dagrun for weather_etl to 2026-09-15 00:00:00+00:00, run_after=2026-09-15 01:00:00+00:00
[2026-09-15T00:06:26.361+0000] {processor.py:208} INFO - Processing /opt/airflow/dags/weather_etl.py took 1.381 seconds
[2026-09-15T00:06:56.927+0000] {processor.py:186} INFO - Started process (PID=1721) to work on /opt/airflow/dags/weather_etl.py
[2026-09-15T00:06:56.931+0000] {processor.py:914} INFO - Processing file /opt/airflow/dags/weather_etl.py for tasks to queue
[2026-09-15T00:06:56.940+0000] {logging_mixin.py:190} INFO - [2026-09-15T00:06:56.939+0000] {dagbag.py:588} INFO - Filling up the DagBag from /opt/airflow/dags/weather_etl.py
[2026-09-15T00:06:58.136+0000] {processor.py:925} INFO - DAG(s) 'weather_etl' retrieved from /opt/airflow/dags/weather_etl.py
[2026-09-15T00:06:58.254+0000] {logging_mixin.py:190} INFO - [2026-09-15T00:06:58.254+0000] {dag.py:3239} INFO - Sync 1 DAGs
[2026-09-15T00:06:58.359+0000] {logging_mixin.py:190} INFO - [2026-09-15T00:06:58.359+0000] {dag.py:4180} INFO - Setting next_dagrun for weather_etl to 2026-09-15 00:00:00+00:00, run_after=2026-09-15 01:00:00+00:00
[2026-09-15T00:06:58.421+0000] {processor.py:208} INFO - Processing /opt/airflow/dags/weather_etl.py took 1.524 seconds
[2026-09-15T00:07:28.986+0000] {processor.py:186} INFO - Started process (PID=1727) to work on /opt/airflow/dags/weather_etl.py
[2026-09-15T00:07:28.989+0000] {processor.py:914} INFO - Processing file /opt/airflow/dags/weather_etl.py for tasks to queue
[2026-09-15T00:07:28.996+0000] {logging_mixin.py:190} INFO - [2026-09-15T00:07:28.995+0000] {dagbag.py:588} INFO - Filling up the DagBag from /opt/airflow/dags/weather_etl.py
[2026-09-15T00:07:30.112+0000] {processor.py:925} INFO - DAG(s) 'weather_etl' retrieved from /opt/airflow/dags/weather_etl.py
[2026-09-15T00:07:30.214+0000] {logging_mixin.py:190} INFO - [2026-09-15T00:07:30.214+0000] {dag.py:3239} INFO - Sync 1 DAGs
[2026-09-15T00:07:30.314+0000] {logging_mixin.py:190} INFO - [2026-09-15T00:07:30.313+0000] {dag.py:4180} INFO - Setting next_dagrun for weather_etl to 2026-09-15 00:00:00+00:00, run_after=2026-09-15 01:00:00+00:00
[2026-09-15T00:07:30.386+0000] {processor.py:208} INFO - Processing /opt/airflow/dags/weather_etl.py took 1.417 seconds
[2026-09-15T00:08:00.878+0000] {processor.py:186} INFO - Started process (PID=1733) to work on /opt/airflow/dags/weather_etl.py
[2026-09-15T00:08:00.881+0000] {processor.py:914} INFO - Processing file /opt/airflow/dags/weather_etl.py for tasks to queue
[2026-09-15T00:08:00.888+0000] {logging_mixin.py:190} INFO - [2026-09-15T00:08:00.887+0000] {dagbag.py:588} INFO - Filling up the DagBag from /opt/airflow/dags/weather_etl.py
[2026-09-15T00:08:02.000+0000] {processor.py:925} INFO - DAG(s) 'weather_etl' retrieved from /opt/airflow/dags/weather_etl.py
[2026-09-15T00:08:02.098+0000] {logging_mixin.py:190} INFO - [2026-09-15T00:08:02.097+0000] {dag.py:3239} INFO - Sync 1 DAGs
[2026-09-15T00:08:02.205+0000] {logging_mixin.py:190} INFO - [2026-09-15T00:08:02.204+0000] {dag.py:4180} INFO - Setting next_dagrun for weather_etl to 2026-09-15 00:00:00+00:00, run_after=2026-09-15 01:00:00+00:00
[2026-09-15T00:08:02.279+0000] {processor.py:208} INFO - Processing /opt/airflow/dags/weather_etl.py took 1.420 seconds
[2026-09-15T00:08:32.836+0000] {processor.py:186} INFO - Started process (PID=1739) to work on /opt/airflow/dags/weather_etl.py
[2026-09-15T00:08:32.840+0000] {processor.py:914} INFO - Processing file /opt/airflow/dags/weather_etl.py for tasks to queue
[2026-09-15T00:08:32.848+0000] {logging_mixin.py:190} INFO - [2026-09-15T00:08:32.847+0000] {dagbag.py:588} INFO - Filling up the DagBag from /opt/airflow/dags/weather_etl.py
[2026-09-15T00:08:33.906+0000] {processor.py:925} INFO - DAG(s) 'weather_etl' retrieved from /opt/airflow/dags/weather_etl.py
[2026-09-15T00:08:34.016+0000] {logging_mixin.py:190} INFO - [2026-09-15T00:08:34.015+0000] {dag.py:3239} INFO - Sync 1 DAGs
[2026-09-15T00:08:34.110+0000] {logging_mixin.py:190} INFO - [2026-09-15T00:08:34.109+0000] {dag.py:4180} INFO - Setting next_dagrun for weather_etl to 2026-09-15 00:00:00+00:00, run_after=2026-09-15 01:00:00+00:00
[2026-09-15T00:08:34.179+0000] {processor.py:208} INFO - Processing /opt/airflow/dags/weather_etl.py took 1.368 seconds
[2026-09-15T00:09:04.738+0000] {processor.py:186} INFO - Started process (PID=1745) to work on /opt/airflow/dags/weather_etl.py
[2026-09-15T00:09:04.741+0000] {processor.py:914} INFO - Processing file /opt/airflow/dags/weather_etl.py for tasks to queue
[2026-09-15T00:09:04.750+0000] {logging_mixin.py:190} INFO - [2026-09-15T00:09:04.749+0000] {dagbag.py:588} INFO - Filling up the DagBag from /opt/airflow/dags/weather_etl.py
[2026-09-15T00:09:06.020+0000] {processor.py:925} INFO - DAG(s) 'weather_etl' retrieved from /opt/airflow/dags/weather_etl.py
[2026-09-15T00:09:06.159+0000] {logging_mixin.py:190} INFO - [2026-09-15T00:09:06.159+0000] {dag.py:3239} INFO - Sync 1 DAGs
[2026-09-15T00:09:06.294+0000] {logging_mixin.py:190} INFO - [2026-09-15T00:09:06.294+0000] {dag.py:4180} INFO - Setting next_dagrun for weather_etl to 2026-09-15 00:00:00+00:00, run_after=2026-09-15 01:00:00+00:00
[2026-09-15T00:09:06.374+0000] {processor.py:208} INFO - Processing /opt/airflow/dags/weather_etl.py took 1.662 seconds
[2026-09-15T00:09:36.752+0000] {processor.py:186} INFO - Started process (PID=1751) to work on /opt/airflow/dags/weather_etl.py
[2026-09-15T00:09:36.754+0000] {processor.py:914} INFO - Processing file /opt/airflow/dags/weather_etl.py for tasks to queue
[2026-09-15T00:09:36.762+0000] {logging_mixin.py:190} INFO - [2026-09-15T00:09:36.761+0000] {dagbag.py:588} INFO - Filling up the DagBag from /opt/airflow/dags/weather_etl.py
[2026-09-15T00:09:37.864+0000] {processor.py:925} INFO - DAG(s) 'weather_etl' retrieved from /opt/airflow/dags/weather_etl.py
[2026-09-15T00:09:37.983+0000] {logging_mixin.py:190} INFO - [2026-09-15T00:09:37.982+0000] {dag.py:3239} INFO - Sync 1 DAGs
[2026-09-15T00:09:38.081+0000] {logging_mixin.py:190} INFO - [2026-09-15T00:09:38.080+0000] {dag.py:4180} INFO - Setting next_dagrun for weather_etl to 2026-09-15 00:00:00+00:00, run_after=2026-09-15 01:00:00+00:00
[2026-09-15T00:09:38.154+0000] {processor.py:208} INFO - Processing /opt/airflow/dags/weather_etl.py took 1.418 seconds
[2026-09-15T00:10:08.381+0000] {processor.py:186} INFO - Started process (PID=1757) to work on /opt/airflow/dags/weather_etl.py
[2026-09-15T00:10:08.385+0000] {processor.py:914} INFO - Processing file /opt/airflow/dags/weather_etl.py for tasks to queue
[2026-09-15T00:10:08.395+0000] {logging_mixin.py:190} INFO - [2026-09-15T00:10:08.393+0000] {dagbag.py:588} INFO - Filling up the DagBag from /opt/airflow/dags/weather_etl.py
[2026-09-15T00:10:09.490+0000] {processor.py:925} INFO - DAG(s) 'weather_etl' retrieved from /opt/airflow/dags/weather_etl.py
[2026-09-15T00:10:09.603+0000] {logging_mixin.py:190} INFO - [2026-09-15T00:10:09.603+0000] {dag.py:3239} INFO - Sync 1 DAGs
[2026-09-15T00:10:09.700+0000] {logging_mixin.py:190} INFO - [2026-09-15T00:10:09.699+0000] {dag.py:4180} INFO - Setting next_dagrun for weather_etl to 2026-09-15 00:00:00+00:00, run_after=2026-09-15 01:00:00+00:00
[2026-09-15T00:10:09.764+0000] {processor.py:208} INFO - Processing /opt/airflow/dags/weather_etl.py took 1.406 seconds
[2026-09-15T00:10:40.156+0000] {processor.py:186} INFO - Started process (PID=1763) to work on /opt/airflow/dags/weather_etl.py
[2026-09-15T00:10:40.159+0000] {processor.py:914} INFO - Processing file /opt/airflow/dags/weather_etl.py for tasks to queue
[2026-09-15T00:10:40.167+0000] {logging_mixin.py:190} INFO - [2026-09-15T00:10:40.167+0000] {dagbag.py:588} INFO - Filling up the DagBag from /opt/airflow/dags/weather_etl.py
[2026-09-15T00:10:41.293+0000] {processor.py:925} INFO - DAG(s) 'weather_etl' retrieved from /opt/airflow/dags/weather_etl.py
[2026-09-15T00:10:41.395+0000] {logging_mixin.py:190} INFO - [2026-09-15T00:10:41.395+0000] {dag.py:3239} INFO - Sync 1 DAGs
[2026-09-15T00:10:41.488+0000] {logging_mixin.py:190} INFO - [2026-09-15T00:10:41.487+0000] {dag.py:4180} INFO - Setting next_dagrun for weather_etl to 2026-09-15 00:00:00+00:00, run_after=2026-09-15 01:00:00+00:00
[2026-09-15T00:10:41.553+0000] {processor.py:208} INFO - Processing /opt/airflow/dags/weather_etl.py took 1.421 seconds
[2026-09-15T00:11:11.742+0000] {processor.py:186} INFO - Started process (PID=1769) to work on /opt/airflow/dags/weather_etl.py
[2026-09-15T00:11:11.746+0000] {processor.py:914} INFO - Processing file /opt/airflow/dags/weather_etl.py for tasks to queue
[2026-09-15T00:11:11.753+0000] {logging_mixin.py:190} INFO - [2026-09-15T00:11:11.753+0000] {dagbag.py:588} INFO - Filling up the DagBag from /opt/airflow/dags/weather_etl.py
[2026-09-15T00:11:12.852+0000] {processor.py:925} INFO - DAG(s) 'weather_etl' retrieved from /opt/airflow/dags/weather_etl.py
[2026-09-15T00:11:12.959+0000] {logging_mixin.py:190} INFO - [2026-09-15T00:11:12.958+0000] {dag.py:3239} INFO - Sync 1 DAGs
[2026-09-15T00:11:13.056+0000] {logging_mixin.py:190} INFO - [2026-09-15T00:11:13.056+0000] {dag.py:4180} INFO - Setting next_dagrun for weather_etl to 2026-09-15 00:00:00+00:00, run_after=2026-09-15 01:00:00+00:00
[2026-09-15T00:11:13.127+0000] {processor.py:208} INFO - Processing /opt/airflow/dags/weather_etl.py took 1.405 seconds
[2026-09-15T00:11:43.569+0000] {processor.py:186} INFO - Started process (PID=1775) to work on /opt/airflow/dags/weather_etl.py
[2026-09-15T00:11:43.572+0000] {processor.py:914} INFO - Processing file /opt/airflow/dags/weather_etl.py for tasks to queue
[2026-09-15T00:11:43.582+0000] {logging_mixin.py:190} INFO - [2026-09-15T00:11:43.580+0000] {dagbag.py:588} INFO - Filling up the DagBag from /opt/airflow/dags/weather_etl.py
[2026-09-15T00:11:44.728+0000] {processor.py:925} INFO - DAG(s) 'weather_etl' retrieved from /opt/airflow/dags/weather_etl.py
[2026-09-15T00:11:44.845+0000] {logging_mixin.py:190} INFO - [2026-09-15T00:11:44.844+0000] {dag.py:3239} INFO - Sync 1 DAGs
[2026-09-15T00:11:44.960+0000] {logging_mixin.py:190} INFO - [2026-09-15T00:11:44.959+0000] {dag.py:4180} INFO - Setting next_dagrun for weather_etl to 2026-09-15 00:00:00+00:00, run_after=2026-09-15 01:00:00+00:00
[2026-09-15T00:11:45.031+0000] {processor.py:208} INFO - Processing /opt/airflow/dags/weather_etl.py took 1.486 seconds
[2026-09-15T00:12:15.244+0000] {processor.py:186} INFO - Started process (PID=1781) to work on /opt/airflow/dags/weather_etl.py
[2026-09-15T00:12:15.249+0000] {processor.py:914} INFO - Processing file /opt/airflow/dags/weather_etl.py for tasks to queue
[2026-09-15T00:12:15.257+0000] {logging_mixin.py:190} INFO - [2026-09-15T00:12:15.256+0000] {dagbag.py:588} INFO - Filling up the DagBag from /opt/airflow/dags/weather_etl.py
[2026-09-15T00:12:16.431+0000] {processor.py:925} INFO - DAG(s) 'weather_etl' retrieved from /opt/airflow/dags/weather_etl.py
[2026-09-15T00:12:16.556+0000] {logging_mixin.py:190} INFO - [2026-09-15T00:12:16.556+0000] {dag.py:3239} INFO - Sync 1 DAGs
[2026-09-15T00:12:16.648+0000] {logging_mixin.py:190} INFO - [2026-09-15T00:12:16.648+0000] {dag.py:4180} INFO - Setting next_dagrun for weather_etl to 2026-09-15 00:00:00+00:00, run_after=2026-09-15 01:00:00+00:00
[2026-09-15T00:12:16.717+0000] {processor.py:208} INFO - Processing /opt/airflow/dags/weather_etl.py took 1.495 seconds
[2026-09-15T00:12:47.051+0000] {processor.py:186} INFO - Started process (PID=1787) to work on /opt/airflow/dags/weather_etl.py
[2026-09-15T00:12:47.055+0000] {processor.py:914} INFO - Processing file /opt/airflow/dags/weather_etl.py for tasks to queue
[2026-09-15T00:12:47.065+0000] {logging_mixin.py:190} INFO - [2026-09-15T00:12:47.062+0000] {dagbag.py:588} INFO - Filling up the DagBag from /opt/airflow/dags/weather_etl.py
[2026-09-15T00:12:48.173+0000] {processor.py:925} INFO - DAG(s) 'weather_etl' retrieved from /opt/airflow/dags/weather_etl.py
[2026-09-15T00:12:48.297+0000] {logging_mixin.py:190} INFO - [2026-09-15T00:12:48.296+0000] {dag.py:3239} INFO - Sync 1 DAGs
[2026-09-15T00:12:48.414+0000] {logging_mixin.py:190} INFO - [2026-09-15T00:12:48.414+0000] {dag.py:4180} INFO - Setting next_dagrun for weather_etl to 2026-09-15 00:00:00+00:00, run_after=2026-09-15 01:00:00+00:00
[2026-09-15T00:12:48.496+0000] {processor.py:208} INFO - Processing /opt/airflow/dags/weather_etl.py took 1.468 seconds
[2026-09-15T00:13:18.742+0000] {processor.py:186} INFO - Started process (PID=1793) to work on /opt/airflow/dags/weather_etl.py
[2026-09-15T00:13:18.746+0000] {processor.py:914} INFO - Processing file /opt/airflow/dags/weather_etl.py for tasks to queue
[2026-09-15T00:13:18.754+0000] {logging_mixin.py:190} INFO - [2026-09-15T00:13:18.753+0000] {dagbag.py:588} INFO - Filling up the DagBag from /opt/airflow/dags/weather_etl.py
[2026-09-15T00:13:19.863+0000] {processor.py:925} INFO - DAG(s) 'weather_etl' retrieved from /opt/airflow/dags/weather_etl.py
[2026-09-15T00:13:19.967+0000] {logging_mixin.py:190} INFO - [2026-09-15T00:13:19.966+0000] {dag.py:3239} INFO - Sync 1 DAGs
[2026-09-15T00:13:20.078+0000] {logging_mixin.py:190} INFO - [2026-09-15T00:13:20.077+0000] {dag.py:4180} INFO - Setting next_dagrun for weather_etl to 2026-09-15 00:00:00+00:00, run_after=2026-09-15 01:00:00+00:00
[2026-09-15T00:13:20.149+0000] {processor.py:208} INFO - Processing /opt/airflow/dags/weather_etl.py took 1.434 seconds
[2026-09-15T00:13:50.518+0000] {processor.py:186} INFO - Started process (PID=1799) to work on /opt/airflow/dags/weather_etl.py
[2026-09-15T00:13:50.521+0000] {processor.py:914} INFO - Processing file /opt/airflow/dags/weather_etl.py for tasks to queue
[2026-09-15T00:13:50.527+0000] {logging_mixin.py:190} INFO - [2026-09-15T00:13:50.526+0000] {dagbag.py:588} INFO - Filling up the DagBag from /opt/airflow/dags/weather_etl.py
[2026-09-15T00:13:51.665+0000] {processor.py:925} INFO - DAG(s) 'weather_etl' retrieved from /opt/airflow/dags/weather_etl.py
[2026-09-15T00:13:51.779+0000] {logging_mixin.py:190} INFO - [2026-09-15T00:13:51.779+0000] {dag.py:3239} INFO - Sync 1 DAGs
[2026-09-15T00:13:51.874+0000] {logging_mixin.py:190} INFO - [2026-09-15T00:13:51.874+0000] {dag.py:4180} INFO - Setting next_dagrun for weather_etl to 2026-09-15 00:00:00+00:00, run_after=2026-09-15 01:00:00+00:00
[2026-09-15T00:13:51.950+0000] {processor.py:208} INFO - Processing /opt/airflow/dags/weather_etl.py took 1.450 seconds
[2026-09-15T00:14:22.177+0000] {processor.py:186} INFO - Started process (PID=1805) to work on /opt/airflow/dags/weather_etl.py
[2026-09-15T00:14:22.181+0000] {processor.py:914} INFO - Processing file /opt/airflow/dags/weather_etl.py for tasks to queue
[2026-09-15T00:14:22.189+0000] {logging_mixin.py:190} INFO - [2026-09-15T00:14:22.188+0000] {dagbag.py:588} INFO - Filling up the DagBag from /opt/airflow/dags/weather_etl.py
[2026-09-15T00:14:23.437+0000] {processor.py:925} INFO - DAG(s) 'weather_etl' retrieved from /opt/airflow/dags/weather_etl.py
[2026-09-15T00:14:23.550+0000] {logging_mixin.py:190} INFO - [2026-09-15T00:14:23.550+0000] {dag.py:3239} INFO - Sync 1 DAGs
[2026-09-15T00:14:23.656+0000] {logging_mixin.py:190} INFO - [2026-09-15T00:14:23.656+0000] {dag.py:4180} INFO - Setting next_dagrun for weather_etl to 2026-09-15 00:00:00+00:00, run_after=2026-09-15 01:00:00+00:00
[2026-09-15T00:14:23.724+0000] {processor.py:208} INFO - Processing /opt/airflow/dags/weather_etl.py took 1.568 seconds
[2026-09-15T00:14:54.028+0000] {processor.py:186} INFO - Started process (PID=1811) to work on /opt/airflow/dags/weather_etl.py
[2026-09-15T00:14:54.032+0000] {processor.py:914} INFO - Processing file /opt/airflow/dags/weather_etl.py for tasks to queue
[2026-09-15T00:14:54.042+0000] {logging_mixin.py:190} INFO - [2026-09-15T00:14:54.041+0000] {dagbag.py:588} INFO - Filling up the DagBag from /opt/airflow/dags/weather_etl.py
[2026-09-15T00:14:55.230+0000] {processor.py:925} INFO - DAG(s) 'weather_etl' retrieved from /opt/airflow/dags/weather_etl.py
[2026-09-15T00:14:55.337+0000] {logging_mixin.py:190} INFO - [2026-09-15T00:14:55.337+0000] {dag.py:3239} INFO - Sync 1 DAGs
[2026-09-15T00:14:55.465+0000] {logging_mixin.py:190} INFO - [2026-09-15T00:14:55.464+0000] {dag.py:4180} INFO - Setting next_dagrun for weather_etl to 2026-09-15 00:00:00+00:00, run_after=2026-09-15 01:00:00+00:00
[2026-09-15T00:14:55.553+0000] {processor.py:208} INFO - Processing /opt/airflow/dags/weather_etl.py took 1.552 seconds
[2026-09-15T00:15:25.787+0000] {processor.py:186} INFO - Started process (PID=1817) to work on /opt/airflow/dags/weather_etl.py
[2026-09-15T00:15:25.790+0000] {processor.py:914} INFO - Processing file /opt/airflow/dags/weather_etl.py for tasks to queue
[2026-09-15T00:15:25.799+0000] {logging_mixin.py:190} INFO - [2026-09-15T00:15:25.797+0000] {dagbag.py:588} INFO - Filling up the DagBag from /opt/airflow/dags/weather_etl.py
[2026-09-15T00:15:26.929+0000] {processor.py:925} INFO - DAG(s) 'weather_etl' retrieved from /opt/airflow/dags/weather_etl.py
[2026-09-15T00:15:27.066+0000] {logging_mixin.py:190} INFO - [2026-09-15T00:15:27.065+0000] {dag.py:3239} INFO - Sync 1 DAGs
[2026-09-15T00:15:27.209+0000] {logging_mixin.py:190} INFO - [2026-09-15T00:15:27.209+0000] {dag.py:4180} INFO - Setting next_dagrun for weather_etl to 2026-09-15 00:00:00+00:00, run_after=2026-09-15 01:00:00+00:00
[2026-09-15T00:15:27.306+0000] {processor.py:208} INFO - Processing /opt/airflow/dags/weather_etl.py took 1.542 seconds
[2026-09-15T00:15:57.586+0000] {processor.py:186} INFO - Started process (PID=1823) to work on /opt/airflow/dags/weather_etl.py
[2026-09-15T00:15:57.588+0000] {processor.py:914} INFO - Processing file /opt/airflow/dags/weather_etl.py for tasks to queue
[2026-09-15T00:15:57.596+0000] {logging_mixin.py:190} INFO - [2026-09-15T00:15:57.595+0000] {dagbag.py:588} INFO - Filling up the DagBag from /opt/airflow/dags/weather_etl.py
[2026-09-15T00:15:58.703+0000] {processor.py:925} INFO - DAG(s) 'weather_etl' retrieved from /opt/airflow/dags/weather_etl.py
[2026-09-15T00:15:58.822+0000] {logging_mixin.py:190} INFO - [2026-09-15T00:15:58.821+0000] {dag.py:3239} INFO - Sync 1 DAGs
[2026-09-15T00:15:58.918+0000] {logging_mixin.py:190} INFO - [2026-09-15T00:15:58.917+0000] {dag.py:4180} INFO - Setting next_dagrun for weather_etl to 2026-09-15 00:00:00+00:00, run_after=2026-09-15 01:00:00+00:00
[2026-09-15T00:15:58.989+0000] {processor.py:208} INFO - Processing /opt/airflow/dags/weather_etl.py took 1.419 seconds
[2026-09-15T00:16:29.428+0000] {processor.py:186} INFO - Started process (PID=1829) to work on /opt/airflow/dags/weather_etl.py
[2026-09-15T00:16:29.435+0000] {processor.py:914} INFO - Processing file /opt/airflow/dags/weather_etl.py for tasks to queue
[2026-09-15T00:16:29.447+0000] {logging_mixin.py:190} INFO - [2026-09-15T00:16:29.446+0000] {dagbag.py:588} INFO - Filling up the DagBag from /opt/airflow/dags/weather_etl.py
[2026-09-15T00:16:31.026+0000] {processor.py:925} INFO - DAG(s) 'weather_etl' retrieved from /opt/airflow/dags/weather_etl.py
[2026-09-15T00:16:31.130+0000] {logging_mixin.py:190} INFO - [2026-09-15T00:16:31.130+0000] {dag.py:3239} INFO - Sync 1 DAGs
[2026-09-15T00:16:31.225+0000] {logging_mixin.py:190} INFO - [2026-09-15T00:16:31.224+0000] {dag.py:4180} INFO - Setting next_dagrun for weather_etl to 2026-09-15 00:00:00+00:00, run_after=2026-09-15 01:00:00+00:00
[2026-09-15T00:16:31.292+0000] {processor.py:208} INFO - Processing /opt/airflow/dags/weather_etl.py took 1.897 seconds
[2026-09-15T00:17:01.883+0000] {processor.py:186} INFO - Started process (PID=1835) to work on /opt/airflow/dags/weather_etl.py
[2026-09-15T00:17:01.886+0000] {processor.py:914} INFO - Processing file /opt/airflow/dags/weather_etl.py for tasks to queue
[2026-09-15T00:17:01.895+0000] {logging_mixin.py:190} INFO - [2026-09-15T00:17:01.894+0000] {dagbag.py:588} INFO - Filling up the DagBag from /opt/airflow/dags/weather_etl.py
[2026-09-15T00:17:03.056+0000] {processor.py:925} INFO - DAG(s) 'weather_etl' retrieved from /opt/airflow/dags/weather_etl.py
[2026-09-15T00:17:03.193+0000] {logging_mixin.py:190} INFO - [2026-09-15T00:17:03.193+0000] {dag.py:3239} INFO - Sync 1 DAGs
[2026-09-15T00:17:03.342+0000] {logging_mixin.py:190} INFO - [2026-09-15T00:17:03.342+0000] {dag.py:4180} INFO - Setting next_dagrun for weather_etl to 2026-09-15 00:00:00+00:00, run_after=2026-09-15 01:00:00+00:00
[2026-09-15T00:17:03.407+0000] {processor.py:208} INFO - Processing /opt/airflow/dags/weather_etl.py took 1.540 seconds
[2026-09-15T00:17:33.668+0000] {processor.py:186} INFO - Started process (PID=1841) to work on /opt/airflow/dags/weather_etl.py
[2026-09-15T00:17:33.671+0000] {processor.py:914} INFO - Processing file /opt/airflow/dags/weather_etl.py for tasks to queue
[2026-09-15T00:17:33.679+0000] {logging_mixin.py:190} INFO - [2026-09-15T00:17:33.678+0000] {dagbag.py:588} INFO - Filling up the DagBag from /opt/airflow/dags/weather_etl.py
[2026-09-15T00:17:34.775+0000] {processor.py:925} INFO - DAG(s) 'weather_etl' retrieved from /opt/airflow/dags/weather_etl.py
[2026-09-15T00:17:34.883+0000] {logging_mixin.py:190} INFO - [2026-09-15T00:17:34.882+0000] {dag.py:3239} INFO - Sync 1 DAGs
[2026-09-15T00:17:34.989+0000] {logging_mixin.py:190} INFO - [2026-09-15T00:17:34.988+0000] {dag.py:4180} INFO - Setting next_dagrun for weather_etl to 2026-09-15 00:00:00+00:00, run_after=2026-09-15 01:00:00+00:00
[2026-09-15T00:17:35.060+0000] {processor.py:208} INFO - Processing /opt/airflow/dags/weather_etl.py took 1.415 seconds
[2026-09-15T00:18:05.414+0000] {processor.py:186} INFO - Started process (PID=1847) to work on /opt/airflow/dags/weather_etl.py
[2026-09-15T00:18:05.417+0000] {processor.py:914} INFO - Processing file /opt/airflow/dags/weather_etl.py for tasks to queue
[2026-09-15T00:18:05.424+0000] {logging_mixin.py:190} INFO - [2026-09-15T00:18:05.423+0000] {dagbag.py:588} INFO - Filling up the DagBag from /opt/airflow/dags/weather_etl.py
[2026-09-15T00:18:06.758+0000] {processor.py:925} INFO - DAG(s) 'weather_etl' retrieved from /opt/airflow/dags/weather_etl.py
[2026-09-15T00:18:06.869+0000] {logging_mixin.py:190} INFO - [2026-09-15T00:18:06.868+0000] {dag.py:3239} INFO - Sync 1 DAGs
[2026-09-15T00:18:06.980+0000] {logging_mixin.py:190} INFO - [2026-09-15T00:18:06.979+0000] {dag.py:4180} INFO - Setting next_dagrun for weather_etl to 2026-09-15 00:00:00+00:00, run_after=2026-09-15 01:00:00+00:00
[2026-09-15T00:18:07.054+0000] {processor.py:208} INFO - Processing /opt/airflow/dags/weather_etl.py took 1.662 seconds
[2026-09-15T00:18:37.699+0000] {processor.py:186} INFO - Started process (PID=1853) to work on /opt/airflow/dags/weather_etl.py
[2026-09-15T00:18:37.705+0000] {processor.py:914} INFO - Processing file /opt/airflow/dags/weather_etl.py for tasks to queue
[2026-09-15T00:18:37.717+0000] {logging_mixin.py:190} INFO - [2026-09-15T00:18:37.716+0000] {dagbag.py:588} INFO - Filling up the DagBag from /opt/airflow/dags/weather_etl.py
[2026-09-15T00:18:38.891+0000] {processor.py:925} INFO - DAG(s) 'weather_etl' retrieved from /opt/airflow/dags/weather_etl.py
[2026-09-15T00:18:39.011+0000] {logging_mixin.py:190} INFO - [2026-09-15T00:18:39.010+0000] {dag.py:3239} INFO - Sync 1 DAGs
[2026-09-15T00:18:39.142+0000] {logging_mixin.py:190} INFO - [2026-09-15T00:18:39.141+0000] {dag.py:4180} INFO - Setting next_dagrun for weather_etl to 2026-09-15 00:00:00+00:00, run_after=2026-09-15 01:00:00+00:00
[2026-09-15T00:18:39.225+0000] {processor.py:208} INFO - Processing /opt/airflow/dags/weather_etl.py took 1.550 seconds
[2026-09-15T00:19:09.644+0000] {processor.py:186} INFO - Started process (PID=1859) to work on /opt/airflow/dags/weather_etl.py
[2026-09-15T00:19:09.648+0000] {processor.py:914} INFO - Processing file /opt/airflow/dags/weather_etl.py for tasks to queue
[2026-09-15T00:19:09.654+0000] {logging_mixin.py:190} INFO - [2026-09-15T00:19:09.653+0000] {dagbag.py:588} INFO - Filling up the DagBag from /opt/airflow/dags/weather_etl.py
[2026-09-15T00:19:10.628+0000] {processor.py:925} INFO - DAG(s) 'weather_etl' retrieved from /opt/airflow/dags/weather_etl.py
[2026-09-15T00:19:10.756+0000] {logging_mixin.py:190} INFO - [2026-09-15T00:19:10.755+0000] {dag.py:3239} INFO - Sync 1 DAGs
[2026-09-15T00:19:10.855+0000] {logging_mixin.py:190} INFO - [2026-09-15T00:19:10.854+0000] {dag.py:4180} INFO - Setting next_dagrun for weather_etl to 2026-09-15 00:00:00+00:00, run_after=2026-09-15 01:00:00+00:00
[2026-09-15T00:19:10.919+0000] {processor.py:208} INFO - Processing /opt/airflow/dags/weather_etl.py took 1.301 seconds
[2026-09-15T00:19:41.314+0000] {processor.py:186} INFO - Started process (PID=1865) to work on /opt/airflow/dags/weather_etl.py
[2026-09-15T00:19:41.317+0000] {processor.py:914} INFO - Processing file /opt/airflow/dags/weather_etl.py for tasks to queue
[2026-09-15T00:19:41.325+0000] {logging_mixin.py:190} INFO - [2026-09-15T00:19:41.324+0000] {dagbag.py:588} INFO - Filling up the DagBag from /opt/airflow/dags/weather_etl.py
[2026-09-15T00:19:42.487+0000] {processor.py:925} INFO - DAG(s) 'weather_etl' retrieved from /opt/airflow/dags/weather_etl.py
[2026-09-15T00:19:42.589+0000] {logging_mixin.py:190} INFO - [2026-09-15T00:19:42.589+0000] {dag.py:3239} INFO - Sync 1 DAGs
[2026-09-15T00:19:42.705+0000] {logging_mixin.py:190} INFO - [2026-09-15T00:19:42.703+0000] {dag.py:4180} INFO - Setting next_dagrun for weather_etl to 2026-09-15 00:00:00+00:00, run_after=2026-09-15 01:00:00+00:00
[2026-09-15T00:19:42.771+0000] {processor.py:208} INFO - Processing /opt/airflow/dags/weather_etl.py took 1.479 seconds
[2026-09-15T00:20:12.950+0000] {processor.py:186} INFO - Started process (PID=1871) to work on /opt/airflow/dags/weather_etl.py
[2026-09-15T00:20:12.953+0000] {processor.py:914} INFO - Processing file /opt/airflow/dags/weather_etl.py for tasks to queue
[2026-09-15T00:20:12.960+0000] {logging_mixin.py:190} INFO - [2026-09-15T00:20:12.959+0000] {dagbag.py:588} INFO - Filling up the DagBag from /opt/airflow/dags/weather_etl.py
[2026-09-15T00:20:14.261+0000] {processor.py:925} INFO - DAG(s) 'weather_etl' retrieved from /opt/airflow/dags/weather_etl.py
[2026-09-15T00:20:14.371+0000] {logging_mixin.py:190} INFO - [2026-09-15T00:20:14.370+0000] {dag.py:3239} INFO - Sync 1 DAGs
[2026-09-15T00:20:14.498+0000] {logging_mixin.py:190} INFO - [2026-09-15T00:20:14.497+0000] {dag.py:4180} INFO - Setting next_dagrun for weather_etl to 2026-09-15 00:00:00+00:00, run_after=2026-09-15 01:00:00+00:00
[2026-09-15T00:20:14.575+0000] {processor.py:208} INFO - Processing /opt/airflow/dags/weather_etl.py took 1.643 seconds
[2026-09-15T00:20:45.076+0000] {processor.py:186} INFO - Started process (PID=1877) to work on /opt/airflow/dags/weather_etl.py
[2026-09-15T00:20:45.080+0000] {processor.py:914} INFO - Processing file /opt/airflow/dags/weather_etl.py for tasks to queue
[2026-09-15T00:20:45.108+0000] {logging_mixin.py:190} INFO - [2026-09-15T00:20:45.107+0000] {dagbag.py:588} INFO - Filling up the DagBag from /opt/airflow/dags/weather_etl.py
[2026-09-15T00:20:47.455+0000] {processor.py:925} INFO - DAG(s) 'weather_etl' retrieved from /opt/airflow/dags/weather_etl.py
[2026-09-15T00:20:47.692+0000] {logging_mixin.py:190} INFO - [2026-09-15T00:20:47.691+0000] {dag.py:3239} INFO - Sync 1 DAGs
[2026-09-15T00:20:47.902+0000] {logging_mixin.py:190} INFO - [2026-09-15T00:20:47.901+0000] {dag.py:4180} INFO - Setting next_dagrun for weather_etl to 2026-09-15 00:00:00+00:00, run_after=2026-09-15 01:00:00+00:00
[2026-09-15T00:20:48.046+0000] {processor.py:208} INFO - Processing /opt/airflow/dags/weather_etl.py took 3.041 seconds
[2026-09-15T00:21:18.903+0000] {processor.py:186} INFO - Started process (PID=1883) to work on /opt/airflow/dags/weather_etl.py
[2026-09-15T00:21:18.907+0000] {processor.py:914} INFO - Processing file /opt/airflow/dags/weather_etl.py for tasks to queue
[2026-09-15T00:21:18.950+0000] {logging_mixin.py:190} INFO - [2026-09-15T00:21:18.944+0000] {dagbag.py:588} INFO - Filling up the DagBag from /opt/airflow/dags/weather_etl.py
[2026-09-15T00:21:21.282+0000] {processor.py:925} INFO - DAG(s) 'weather_etl' retrieved from /opt/airflow/dags/weather_etl.py
[2026-09-15T00:21:21.501+0000] {logging_mixin.py:190} INFO - [2026-09-15T00:21:21.499+0000] {dag.py:3239} INFO - Sync 1 DAGs
[2026-09-15T00:21:21.713+0000] {logging_mixin.py:190} INFO - [2026-09-15T00:21:21.712+0000] {dag.py:4180} INFO - Setting next_dagrun for weather_etl to 2026-09-15 00:00:00+00:00, run_after=2026-09-15 01:00:00+00:00
[2026-09-15T00:21:21.832+0000] {processor.py:208} INFO - Processing /opt/airflow/dags/weather_etl.py took 2.976 seconds
[2026-09-15T00:21:52.648+0000] {processor.py:186} INFO - Started process (PID=1889) to work on /opt/airflow/dags/weather_etl.py
[2026-09-15T00:21:52.652+0000] {processor.py:914} INFO - Processing file /opt/airflow/dags/weather_etl.py for tasks to queue
[2026-09-15T00:21:52.662+0000] {logging_mixin.py:190} INFO - [2026-09-15T00:21:52.661+0000] {dagbag.py:588} INFO - Filling up the DagBag from /opt/airflow/dags/weather_etl.py
[2026-09-15T00:21:54.109+0000] {processor.py:925} INFO - DAG(s) 'weather_etl' retrieved from /opt/airflow/dags/weather_etl.py
[2026-09-15T00:21:54.241+0000] {logging_mixin.py:190} INFO - [2026-09-15T00:21:54.241+0000] {dag.py:3239} INFO - Sync 1 DAGs
[2026-09-15T00:21:54.372+0000] {logging_mixin.py:190} INFO - [2026-09-15T00:21:54.372+0000] {dag.py:4180} INFO - Setting next_dagrun for weather_etl to 2026-09-15 00:00:00+00:00, run_after=2026-09-15 01:00:00+00:00
[2026-09-15T00:21:54.444+0000] {processor.py:208} INFO - Processing /opt/airflow/dags/weather_etl.py took 1.823 seconds
[2026-09-15T00:22:25.338+0000] {processor.py:186} INFO - Started process (PID=1895) to work on /opt/airflow/dags/weather_etl.py
[2026-09-15T00:22:25.342+0000] {processor.py:914} INFO - Processing file /opt/airflow/dags/weather_etl.py for tasks to queue
[2026-09-15T00:22:25.369+0000] {logging_mixin.py:190} INFO - [2026-09-15T00:22:25.362+0000] {dagbag.py:588} INFO - Filling up the DagBag from /opt/airflow/dags/weather_etl.py
[2026-09-15T00:22:27.584+0000] {processor.py:925} INFO - DAG(s) 'weather_etl' retrieved from /opt/airflow/dags/weather_etl.py
[2026-09-15T00:22:27.879+0000] {logging_mixin.py:190} INFO - [2026-09-15T00:22:27.876+0000] {dag.py:3239} INFO - Sync 1 DAGs
[2026-09-15T00:22:28.147+0000] {logging_mixin.py:190} INFO - [2026-09-15T00:22:28.146+0000] {dag.py:4180} INFO - Setting next_dagrun for weather_etl to 2026-09-15 00:00:00+00:00, run_after=2026-09-15 01:00:00+00:00
[2026-09-15T00:22:28.320+0000] {processor.py:208} INFO - Processing /opt/airflow/dags/weather_etl.py took 3.034 seconds
[2026-09-15T00:22:58.984+0000] {processor.py:186} INFO - Started process (PID=1901) to work on /opt/airflow/dags/weather_etl.py
[2026-09-15T00:22:58.987+0000] {processor.py:914} INFO - Processing file /opt/airflow/dags/weather_etl.py for tasks to queue
[2026-09-15T00:22:58.995+0000] {logging_mixin.py:190} INFO - [2026-09-15T00:22:58.993+0000] {dagbag.py:588} INFO - Filling up the DagBag from /opt/airflow/dags/weather_etl.py
[2026-09-15T00:23:00.155+0000] {processor.py:925} INFO - DAG(s) 'weather_etl' retrieved from /opt/airflow/dags/weather_etl.py
[2026-09-15T00:23:00.273+0000] {logging_mixin.py:190} INFO - [2026-09-15T00:23:00.272+0000] {dag.py:3239} INFO - Sync 1 DAGs
[2026-09-15T00:23:00.384+0000] {logging_mixin.py:190} INFO - [2026-09-15T00:23:00.383+0000] {dag.py:4180} INFO - Setting next_dagrun for weather_etl to 2026-09-15 00:00:00+00:00, run_after=2026-09-15 01:00:00+00:00
[2026-09-15T00:23:00.458+0000] {processor.py:208} INFO - Processing /opt/airflow/dags/weather_etl.py took 1.491 seconds
[2026-09-15T00:23:31.091+0000] {processor.py:186} INFO - Started process (PID=1907) to work on /opt/airflow/dags/weather_etl.py
[2026-09-15T00:23:31.106+0000] {processor.py:914} INFO - Processing file /opt/airflow/dags/weather_etl.py for tasks to queue
[2026-09-15T00:23:31.127+0000] {logging_mixin.py:190} INFO - [2026-09-15T00:23:31.118+0000] {dagbag.py:588} INFO - Filling up the DagBag from /opt/airflow/dags/weather_etl.py
[2026-09-15T00:23:32.596+0000] {processor.py:925} INFO - DAG(s) 'weather_etl' retrieved from /opt/airflow/dags/weather_etl.py
[2026-09-15T00:23:32.717+0000] {logging_mixin.py:190} INFO - [2026-09-15T00:23:32.717+0000] {dag.py:3239} INFO - Sync 1 DAGs
[2026-09-15T00:23:32.848+0000] {logging_mixin.py:190} INFO - [2026-09-15T00:23:32.847+0000] {dag.py:4180} INFO - Setting next_dagrun for weather_etl to 2026-09-15 00:00:00+00:00, run_after=2026-09-15 01:00:00+00:00
[2026-09-15T00:23:32.947+0000] {processor.py:208} INFO - Processing /opt/airflow/dags/weather_etl.py took 1.896 seconds
