[2026-09-14T14:18:08.171+0000] {local_task_job_runner.py:123} INFO - ::group::Pre task execution logs
[2026-09-14T14:18:08.238+0000] {taskinstance.py:2613} INFO - Dependencies all met for dep_context=non-requeueable deps ti=<TaskInstance: weather_etl.collect_and_transform manual__2026-09-14T14:18:03.989715+00:00 [queued]>
[2026-09-14T14:18:08.266+0000] {taskinstance.py:2613} INFO - Dependencies all met for dep_context=requeueable deps ti=<TaskInstance: weather_etl.collect_and_transform manual__2026-09-14T14:18:03.989715+00:00 [queued]>
[2026-09-14T14:18:08.269+0000] {taskinstance.py:2866} INFO - Starting attempt 1 of 3
[2026-09-14T14:18:08.309+0000] {taskinstance.py:2889} INFO - Executing <Task(_PythonDecoratedOperator): collect_and_transform> on 2026-09-14 14:18:03.989715+00:00
[2026-09-14T14:18:08.334+0000] {logging_mixin.py:190} WARNING - /home/airflow/.local/lib/python3.12/site-packages/airflow/task/task_runner/standard_task_runner.py:70 DeprecationWarning: This process (pid=264) is multi-threaded, use of fork() may lead to deadlocks in the child.
[2026-09-14T14:18:08.332+0000] {standard_task_runner.py:104} INFO - Running: ['airflow', 'tasks', 'run', 'weather_etl', 'collect_and_transform', 'manual__2026-09-14T14:18:03.989715+00:00', '--job-id', '5', '--raw', '--subdir', 'DAGS_FOLDER/weather_etl.py', '--cfg-path', '/tmp/tmp06w6o75z']
[2026-09-14T14:18:08.338+0000] {standard_task_runner.py:72} INFO - Started process 268 to run task
[2026-09-14T14:18:08.338+0000] {standard_task_runner.py:105} INFO - Job 5: Subtask collect_and_transform
[2026-09-14T14:18:08.535+0000] {task_command.py:467} INFO - Running <TaskInstance: weather_etl.collect_and_transform manual__2026-09-14T14:18:03.989715+00:00 [running]> on host b3eab8eaee9f
[2026-09-14T14:18:08.899+0000] {taskinstance.py:3132} INFO - Exporting env vars: AIRFLOW_CTX_DAG_OWNER='data_team' AIRFLOW_CTX_DAG_ID='weather_etl' AIRFLOW_CTX_TASK_ID='collect_and_transform' AIRFLOW_CTX_EXECUTION_DATE='2026-09-14T14:18:03.989715+00:00' AIRFLOW_CTX_TRY_NUMBER='1' AIRFLOW_CTX_DAG_RUN_ID='manual__2026-09-14T14:18:03.989715+00:00'
[2026-09-14T14:18:08.903+0000] {taskinstance.py:731} INFO - ::endgroup::
[2026-09-14T14:18:12.948+0000] {logging_mixin.py:190} INFO - Ecrit 10 lignes dans /tmp/weather.parquet
[2026-09-14T14:18:12.949+0000] {python.py:240} INFO - Done. Returned value was: /tmp/weather.parquet
[2026-09-14T14:18:13.066+0000] {taskinstance.py:340} INFO - ::group::Post task execution logs
[2026-09-14T14:18:13.068+0000] {taskinstance.py:352} INFO - Marking task as SUCCESS. dag_id=weather_etl, task_id=collect_and_transform, run_id=manual__2026-09-14T14:18:03.989715+00:00, execution_date=20260914T141803, start_date=20260914T141808, end_date=20260914T141813
[2026-09-14T14:18:13.195+0000] {local_task_job_runner.py:266} INFO - Task exited with return code 0
[2026-09-14T14:18:13.303+0000] {taskinstance.py:3895} INFO - 1 downstream tasks scheduled from follow-on schedule check
[2026-09-14T14:18:13.310+0000] {local_task_job_runner.py:245} INFO - ::endgroup::
[2026-09-14T14:18:13.346+0000] {standard_task_runner.py:217} INFO - Process not found (most likely exited), stop collecting metrics
