[2026-09-14T23:00:16.368+0000] {local_task_job_runner.py:123} INFO - ::group::Pre task execution logs
[2026-09-14T23:00:16.436+0000] {taskinstance.py:2613} INFO - Dependencies all met for dep_context=non-requeueable deps ti=<TaskInstance: weather_etl.load scheduled__2026-09-14T22:00:00+00:00 [queued]>
[2026-09-14T23:00:16.463+0000] {taskinstance.py:2613} INFO - Dependencies all met for dep_context=requeueable deps ti=<TaskInstance: weather_etl.load scheduled__2026-09-14T22:00:00+00:00 [queued]>
[2026-09-14T23:00:16.468+0000] {taskinstance.py:2866} INFO - Starting attempt 1 of 3
[2026-09-14T23:00:16.503+0000] {taskinstance.py:2889} INFO - Executing <Task(_PythonDecoratedOperator): load> on 2026-09-14 22:00:00+00:00
[2026-09-14T23:00:16.532+0000] {logging_mixin.py:190} WARNING - /home/airflow/.local/lib/python3.12/site-packages/airflow/task/task_runner/standard_task_runner.py:70 DeprecationWarning: This process (pid=936) is multi-threaded, use of fork() may lead to deadlocks in the child.
[2026-09-14T23:00:16.537+0000] {standard_task_runner.py:72} INFO - Started process 938 to run task
[2026-09-14T23:00:16.530+0000] {standard_task_runner.py:104} INFO - Running: ['airflow', 'tasks', 'run', 'weather_etl', 'load', 'scheduled__2026-09-14T22:00:00+00:00', '--job-id', '21', '--raw', '--subdir', 'DAGS_FOLDER/weather_etl.py', '--cfg-path', '/tmp/tmp5ponednx']
[2026-09-14T23:00:16.539+0000] {standard_task_runner.py:105} INFO - Job 21: Subtask load
[2026-09-14T23:00:16.749+0000] {task_command.py:467} INFO - Running <TaskInstance: weather_etl.load scheduled__2026-09-14T22:00:00+00:00 [running]> on host b3eab8eaee9f
[2026-09-14T23:00:17.136+0000] {taskinstance.py:3132} INFO - Exporting env vars: AIRFLOW_CTX_DAG_OWNER='data_team' AIRFLOW_CTX_DAG_ID='weather_etl' AIRFLOW_CTX_TASK_ID='load' AIRFLOW_CTX_EXECUTION_DATE='2026-09-14T22:00:00+00:00' AIRFLOW_CTX_TRY_NUMBER='1' AIRFLOW_CTX_DAG_RUN_ID='scheduled__2026-09-14T22:00:00+00:00'
[2026-09-14T23:00:17.142+0000] {taskinstance.py:731} INFO - ::endgroup::
[2026-09-14T23:00:17.219+0000] {logging_mixin.py:190} INFO - Connecté à : PostgreSQL 18.3 on x86_64-pc-linux-musl
[2026-09-14T23:00:17.462+0000] {logging_mixin.py:190} INFO - 10/10 enregistrements insérés.
[2026-09-14T23:00:17.464+0000] {python.py:240} INFO - Done. Returned value was: 10
[2026-09-14T23:00:17.570+0000] {taskinstance.py:340} INFO - ::group::Post task execution logs
[2026-09-14T23:00:17.571+0000] {taskinstance.py:352} INFO - Marking task as SUCCESS. dag_id=weather_etl, task_id=load, run_id=scheduled__2026-09-14T22:00:00+00:00, execution_date=20260914T220000, start_date=20260914T230016, end_date=20260914T230017
[2026-09-14T23:00:17.640+0000] {local_task_job_runner.py:266} INFO - Task exited with return code 0
[2026-09-14T23:00:17.708+0000] {taskinstance.py:3895} INFO - 0 downstream tasks scheduled from follow-on schedule check
[2026-09-14T23:00:17.713+0000] {local_task_job_runner.py:245} INFO - ::endgroup::
