[2026-09-14T16:20:32.316+0000] {local_task_job_runner.py:123} INFO - ::group::Pre task execution logs
[2026-09-14T16:20:32.403+0000] {taskinstance.py:2613} INFO - Dependencies all met for dep_context=non-requeueable deps ti=<TaskInstance: weather_etl.load_to_postgres manual__2026-09-14T16:20:19.933811+00:00 [queued]>
[2026-09-14T16:20:32.434+0000] {taskinstance.py:2613} INFO - Dependencies all met for dep_context=requeueable deps ti=<TaskInstance: weather_etl.load_to_postgres manual__2026-09-14T16:20:19.933811+00:00 [queued]>
[2026-09-14T16:20:32.436+0000] {taskinstance.py:2866} INFO - Starting attempt 1 of 3
[2026-09-14T16:20:32.475+0000] {taskinstance.py:2889} INFO - Executing <Task(_PythonDecoratedOperator): load_to_postgres> on 2026-09-14 16:20:19.933811+00:00
[2026-09-14T16:20:32.501+0000] {logging_mixin.py:190} WARNING - /home/airflow/.local/lib/python3.12/site-packages/airflow/task/task_runner/standard_task_runner.py:70 DeprecationWarning: This process (pid=1575) is multi-threaded, use of fork() may lead to deadlocks in the child.
[2026-09-14T16:20:32.505+0000] {standard_task_runner.py:72} INFO - Started process 1579 to run task
[2026-09-14T16:20:32.501+0000] {standard_task_runner.py:104} INFO - Running: ['airflow', 'tasks', 'run', 'weather_etl', 'load_to_postgres', 'manual__2026-09-14T16:20:19.933811+00:00', '--job-id', '12', '--raw', '--subdir', 'DAGS_FOLDER/weather_etl.py', '--cfg-path', '/tmp/tmpv252x29d']
[2026-09-14T16:20:32.511+0000] {standard_task_runner.py:105} INFO - Job 12: Subtask load_to_postgres
[2026-09-14T16:20:32.732+0000] {task_command.py:467} INFO - Running <TaskInstance: weather_etl.load_to_postgres manual__2026-09-14T16:20:19.933811+00:00 [running]> on host b3eab8eaee9f
[2026-09-14T16:20:33.153+0000] {taskinstance.py:3132} INFO - Exporting env vars: AIRFLOW_CTX_DAG_OWNER='data_team' AIRFLOW_CTX_DAG_ID='weather_etl' AIRFLOW_CTX_TASK_ID='load_to_postgres' AIRFLOW_CTX_EXECUTION_DATE='2026-09-14T16:20:19.933811+00:00' AIRFLOW_CTX_TRY_NUMBER='1' AIRFLOW_CTX_DAG_RUN_ID='manual__2026-09-14T16:20:19.933811+00:00'
[2026-09-14T16:20:33.156+0000] {taskinstance.py:731} INFO - ::endgroup::
[2026-09-14T16:20:33.217+0000] {logging_mixin.py:190} INFO - Connecté à : PostgreSQL 18.3 on x86_64-pc-linux-musl
[2026-09-14T16:20:33.458+0000] {logging_mixin.py:190} INFO - 10/10 enregistrements insérés.
[2026-09-14T16:20:33.460+0000] {python.py:240} INFO - Done. Returned value was: 10
[2026-09-14T16:20:33.585+0000] {taskinstance.py:340} INFO - ::group::Post task execution logs
[2026-09-14T16:20:33.587+0000] {taskinstance.py:352} INFO - Marking task as SUCCESS. dag_id=weather_etl, task_id=load_to_postgres, run_id=manual__2026-09-14T16:20:19.933811+00:00, execution_date=20260914T162019, start_date=20260914T162032, end_date=20260914T162033
[2026-09-14T16:20:33.655+0000] {local_task_job_runner.py:266} INFO - Task exited with return code 0
[2026-09-14T16:20:33.735+0000] {taskinstance.py:3895} INFO - 0 downstream tasks scheduled from follow-on schedule check
[2026-09-14T16:20:33.740+0000] {local_task_job_runner.py:245} INFO - ::endgroup::
